14.elisp:13:23-23: In call to treesit-font-lock-rules: Unescaped literal `+' (pos 0)
  "+f+"
   ^
14.elisp:14:6: In call to treesit-font-lock-rules: Unescaped literal `+' (pos 0)
  "+g+"
   ^
14.elisp:29:32-32: In call to treesit-range-rules: Unescaped literal `+' (pos 0)
  "+o+"
   ^
14.elisp:30:6: In call to treesit-range-rules: Unescaped literal `+' (pos 0)
  "+p+"
   ^
14.elisp:33:39-39: In call to treesit-query-expand: Unescaped literal `+' (pos 0)
  "+r+"
   ^
14.elisp:37:4: In call to treesit-query-compile: Unescaped literal `+' (pos 0)
  "+t+"
   ^
14.elisp:39:45-45: In call to treesit-node-top-level: Unescaped literal `+' (pos 0)
  "+u+"
   ^
14.elisp:40:44-44: In call to treesit-query-capture: Unescaped literal `+' (pos 0)
  "+v+"
   ^
14.elisp:41:42-42: In call to treesit-query-range: Unescaped literal `+' (pos 0)
  "+w+"
   ^
14.elisp:42:43-43: In call to treesit-query-string: Unescaped literal `+' (pos 0)
  "+x+"
   ^
